MongoDB Connected: 127.0.0.1
Using User: new ObjectId('697062502df973ab68cba470')

=== Final Adapted Roadmap ===
{
  "learningPlan": [
    {
      "step": 1,
      "title": "JavaScript",
      "courses": [
        {
          "_id": "69b028a3ec5e6554b0162c7e",
          "title": "Advanced JavaScript Concepts",
          "skillTag": "JavaScript",
          "difficulty": "Intermediate"
        },
        {
          "_id": "69b10215bee34a3a3a16e161",
          "title": "Advanced JavaScript Concepts",
          "skillTag": "JavaScript",
          "difficulty": "Intermediate"
        },
        {
          "_id": "69b28089a37a8c4579cb2a9f",
          "title": "Advanced JavaScript Security",
          "skillTag": "JavaScript",
          "difficulty": "beginner"
        }
      ]
    },
    {
      "step": 2,
      "title": "Improve JavaScript Fundamentals",
      "type": "remediation",
      "reason": "Repeated mistakes detected"
    }
  ]
}
